10 10 1 10 10 10 0 10 10 10 LINESTART NOCAPS ALLDIGIT 0 0 0 NOPUNCT <date>	I-<day>
January january J Ja Jan Janu y ry ary uary LINEIN INITCAP NODIGIT 0 0 1 NOPUNCT <date>	I-<month>
2001 2001 2 20 200 2001 1 01 001 2001 LINEEND NOCAPS ALLDIGIT 0 1 0 NOPUNCT <date>	I-<year>

