15 15 1 15 15 15 5 15 15 15 LINESTART NOCAPS ALLDIGIT 0 0 0 NOPUNCT <date>	I-<day>
- - - - - - - - - - LINEIN ALLCAP NODIGIT 1 0 0 HYPHEN <date>	I-<other>
08 08 0 08 08 08 8 08 08 08 LINEIN NOCAPS ALLDIGIT 0 0 0 NOPUNCT <date>	I-<month>
- - - - - - - - - - LINEIN ALLCAP NODIGIT 1 0 0 HYPHEN <date>	I-<other>
2007 2007 2 20 200 2007 7 07 007 2007 LINEEND NOCAPS ALLDIGIT 0 1 0 NOPUNCT <date>	I-<year>

