November november N No Nov Nove r er ber mber LINESTART INITCAP NODIGIT 0 0 1 NOPUNCT <date>	I-<month>
14 14 1 14 14 14 4 14 14 14 LINEIN NOCAPS ALLDIGIT 0 0 0 NOPUNCT <date>	I-<day>
1999 1999 1 19 199 1999 9 99 999 1999 LINEEND NOCAPS ALLDIGIT 0 1 0 NOPUNCT <date>	I-<year>

