19 19 1 19 19 19 9 19 19 19 LINESTART NOCAPS ALLDIGIT 0 0 0 NOPUNCT <date>	I-<day>
November november N No Nov Nove r er ber mber LINEIN INITCAP NODIGIT 0 0 1 NOPUNCT <date>	I-<month>
1 1 1 1 1 1 1 1 1 1 LINEIN NOCAPS ALLDIGIT 1 0 0 NOPUNCT <date>	I-<year>
999 999 9 99 999 999 9 99 999 999 LINEEND NOCAPS ALLDIGIT 0 0 0 NOPUNCT <date>	<year>

